✔ schema positive: actual offline CLI artifact is the closed 9/9 current-run report (89.862916ms)
✔ schema positive: exact 900000 ms checkedAt lower boundary is accepted (0.735416ms)
✔ schema closed field: root unknown key (0.165083ms)
✔ schema closed field: wrong schema enum (0.169292ms)
✔ schema closed field: wrong version enum (0.123541ms)
✔ schema closed field: wrong runStatus enum (0.082458ms)
✔ schema closed field: invalid sourceSnapshotRef (0.070417ms)
✔ schema closed field: caller supplied runRef (0.068833ms)
✔ schema closed field: generatedAt after freshUntil (0.0675ms)
✔ schema closed field: fresh window over 15 minutes (0.103708ms)
✔ schema closed field: required count not 9 (0.069958ms)
✔ schema closed field: passed count not 9 (0.548208ms)
✔ schema closed field: failed count not 0 (0.062625ms)
✔ schema closed field: dependency unknown key (0.067208ms)
✔ schema closed field: dependency status not pass (0.046833ms)
✔ schema closed field: dependency fresh not true (0.04125ms)
✔ schema closed field: invalid evidenceRef (0.064041ms)
✔ schema closed field: effects unknown key (0.0735ms)
✔ schema closed field: telegram send count not 1 (0.063208ms)
✔ schema closed field: email send count not 1 (0.071166ms)
✔ schema closed field: phone call count not 0 (0.064875ms)
✔ schema closed field: reply reads outside 1..6 (0.0635ms)
✔ schema closed field: webhook reads outside 1..3 (0.057167ms)
✔ schema closed field: inbox reads outside 1..6 (0.058041ms)
✔ schema closed field: correlation boolean false (0.058375ms)
✔ schema closed field: recipient ownership false (0.058917ms)
✔ checkedAt: one millisecond stale is rejected (0.050459ms)
✔ checkedAt: one millisecond future is rejected (0.044333ms)
✔ checkedAt: malformed strict timestamp is rejected (0.047542ms)
✔ checkedAt: non-finite internal millisecond is rejected (0.041958ms)
✔ checkedAt: before current run start is rejected (0.048667ms)
✔ checkedAt: mixed-run observation is rejected (0.04525ms)
✔ checkedAt: fresh true without time proof is rejected (0.046125ms)
✔ checkedAt: non-round-trip UTC timestamp is rejected (0.040833ms)
✔ dependency set: duplicate dependency is rejected (0.056334ms)
✔ dependency set: missing dependency is rejected (0.047458ms)
✔ dependency set: extra dependency is rejected (0.049167ms)
✔ failure channel: failure diagnostics cannot enter a successful artifact (0.041041ms)
✔ security: raw run correlation is never serialized (0.040583ms)
✔ security: runRef must hash current correlation (0.041792ms)
✔ security: provider response is forbidden (0.040292ms)
✔ security: provider ID is forbidden (0.058125ms)
✔ security: address is forbidden (0.04325ms)
✔ security: arbitrary nested string is forbidden (0.061416ms)
✔ security: previous-run observation is rejected despite fresh true (0.049042ms)
ℹ tests 45
ℹ suites 0
ℹ pass 45
ℹ fail 0
ℹ cancelled 0
ℹ skipped 0
ℹ todo 0
ℹ duration_ms 214.976291
