✔ verify-phase2-process.mjs: every mode accepts valid phase-appropriate fixtures (413.450375ms)
✔ verify-phase2-process.mjs: corrupt hash/mode/trace/schema/scope/coverage all fail (274.517125ms)
✔ verify-phase2-process.mjs: malformed argv and stale current-HEAD scope fail (117.738083ms)
✔ verify-final-artifact.mjs: accepts the valid actual CLI artifact (82.613292ms)
✔ verify-final-artifact.mjs: rejects closed-schema identity/order/time/binding/effects mutations and empty object (785.899ms)
✔ verify-final-artifact.mjs: malformed argv and wrong mode fail (141.94675ms)
✔ verify-safe-scan.mjs: clean fixture passes without matched content (63.380416ms)
✔ verify-safe-scan.mjs: secret email phone raw-correlation and provider-ID fixtures fail without leakage (317.196042ms)
✔ verify-safe-scan.mjs: malformed argv and missing path fail safely (116.94725ms)
✔ verify-controlled-l3-gates.mjs: valid synthetic post-Phase3-PASS snapshot passes (156.107958ms)
✔ verify-controlled-l3-gates.mjs: HEAD/tree/count/coverage/schema/scan/digest/output mutations all fail (553.018333ms)
✔ verify-controlled-l3-gates.mjs: malformed argv and pre-Phase3 state fail (223.6105ms)
ℹ tests 12
ℹ suites 0
ℹ pass 12
ℹ fail 0
ℹ cancelled 0
ℹ skipped 0
ℹ todo 0
ℹ duration_ms 3524.334375
