new-feature-tests: FAIL
regression-baseline: PASS
total-test-modules: 11
total-tests-defined: 60
collection-errors: 11

# Markers above are required by VCSDD plugin /vcsdd-tdd contract.
# new-feature-tests: FAIL — all 11 test modules fail at import time because
#   lib/* does not exist yet. This is the canonical Red phase signal.
# regression-baseline: PASS — no pre-existing tests in
#   ~/anicca/skills/_shared/ — the directory was created fresh for this feature.
#   Repo-wide test suite (other dirs) is unaffected by this sprint.

# ─── Red phase mapping (one test file per required PROP, 11 of 11) ───
# test_classify.py        → PROP-A-classify       (required:true, Tier 1)
# test_oauth.py           → PROP-A-oauth          (required:true, Tier 0)
# test_hook_allowlist.py  → PROP-A-hook-allowlist (required:true, Tier 0)
# test_roi.py             → PROP-B2-cost-formula  (required:true, Tier 1)
# test_killswitch.py      → PROP-B4-killswitch    (required:true, Tier 1)
# test_evidence.py        → PROP-C1-evidence      (required:true, Tier 0)
# test_mutation_gate.py   → PROP-C3-mutation-gate (required:true, Tier 1 integration)
# test_dedup.py           → PROP-F2-dedup         (required:true, Tier 1)
# test_g2_static.py       → PROP-G2-static        (required:true, Tier 1 static-analysis)
# test_g2_runtime.py      → PROP-G2-runtime       (required:true, Tier 1 integration)
# test_spawn_pin.py       → PROP-E5-spawn-pin     (required:true, Tier 1 integration)

# ─── Raw pytest output (collection errors = canonical RED) ───
    from lib.roi import kill_switch_tripped  # FAIL until 2b
    ^^^^^^^^^^^^^^^^^^^^^^^^^^^^^^^^^^^^^^^
E   ModuleNotFoundError: No module named 'lib.roi'
_______________ ERROR collecting __tests__/test_mutation_gate.py _______________
ImportError while importing test module '/Users/operator/anicca/skills/_shared/__tests__/test_mutation_gate.py'.
Hint: make sure your test modules/packages have valid Python names.
Traceback:
/opt/homebrew/Cellar/python@3.14/3.14.5/Frameworks/Python.framework/Versions/3.14/lib/python3.14/importlib/__init__.py:88: in import_module
    return _bootstrap._gcd_import(name[level:], package, level)
           ^^^^^^^^^^^^^^^^^^^^^^^^^^^^^^^^^^^^^^^^^^^^^^^^^^^^
__tests__/test_mutation_gate.py:9: in <module>
    from lib.mutation_gate import apply_strategy_mutation  # FAIL until 2b
    ^^^^^^^^^^^^^^^^^^^^^^^^^^^^^^^^^^^^^^^^^^^^^^^^^^^^^
E   ModuleNotFoundError: No module named 'lib.mutation_gate'
___________________ ERROR collecting __tests__/test_oauth.py ___________________
ImportError while importing test module '/Users/operator/anicca/skills/_shared/__tests__/test_oauth.py'.
Hint: make sure your test modules/packages have valid Python names.
Traceback:
/opt/homebrew/Cellar/python@3.14/3.14.5/Frameworks/Python.framework/Versions/3.14/lib/python3.14/importlib/__init__.py:88: in import_module
    return _bootstrap._gcd_import(name[level:], package, level)
           ^^^^^^^^^^^^^^^^^^^^^^^^^^^^^^^^^^^^^^^^^^^^^^^^^^^^
__tests__/test_oauth.py:8: in <module>
    from lib.healthcheck import extract_oauth_url  # FAIL until 2b
    ^^^^^^^^^^^^^^^^^^^^^^^^^^^^^^^^^^^^^^^^^^^^^
E   ModuleNotFoundError: No module named 'lib.healthcheck'
____________________ ERROR collecting __tests__/test_roi.py ____________________
ImportError while importing test module '/Users/operator/anicca/skills/_shared/__tests__/test_roi.py'.
Hint: make sure your test modules/packages have valid Python names.
Traceback:
/opt/homebrew/Cellar/python@3.14/3.14.5/Frameworks/Python.framework/Versions/3.14/lib/python3.14/importlib/__init__.py:88: in import_module
    return _bootstrap._gcd_import(name[level:], package, level)
           ^^^^^^^^^^^^^^^^^^^^^^^^^^^^^^^^^^^^^^^^^^^^^^^^^^^^
__tests__/test_roi.py:12: in <module>
    from lib.roi import compute_token_cost_jpy  # FAIL until 2b
    ^^^^^^^^^^^^^^^^^^^^^^^^^^^^^^^^^^^^^^^^^^
E   ModuleNotFoundError: No module named 'lib.roi'
_________________ ERROR collecting __tests__/test_spawn_pin.py _________________
ImportError while importing test module '/Users/operator/anicca/skills/_shared/__tests__/test_spawn_pin.py'.
Hint: make sure your test modules/packages have valid Python names.
Traceback:
/opt/homebrew/Cellar/python@3.14/3.14.5/Frameworks/Python.framework/Versions/3.14/lib/python3.14/importlib/__init__.py:88: in import_module
    return _bootstrap._gcd_import(name[level:], package, level)
           ^^^^^^^^^^^^^^^^^^^^^^^^^^^^^^^^^^^^^^^^^^^^^^^^^^^^
__tests__/test_spawn_pin.py:13: in <module>
    from lib.spawn_pin import (  # FAIL until 2b
E   ModuleNotFoundError: No module named 'lib.spawn_pin'
=========================== short test summary info ============================
ERROR __tests__/test_classify.py
ERROR __tests__/test_dedup.py
ERROR __tests__/test_evidence.py
ERROR __tests__/test_g2_runtime.py
ERROR __tests__/test_g2_static.py
ERROR __tests__/test_hook_allowlist.py
ERROR __tests__/test_killswitch.py
ERROR __tests__/test_mutation_gate.py
ERROR __tests__/test_oauth.py
ERROR __tests__/test_roi.py
ERROR __tests__/test_spawn_pin.py
!!!!!!!!!!!!!!!!!!! Interrupted: 11 errors during collection !!!!!!!!!!!!!!!!!!!
============================== 11 errors in 0.17s ==============================
