✔ telegram observation rejects missing/rejected round trip, timeout, URL/update/error/backlog (2.355584ms)
✔ email observation rejects ownership, send, timeout, nonce mismatch, and stale receipt (0.222125ms)
✔ email observation accepts a same-minute interval containing the send instant (0.161292ms)
✔ email observation accepts a later minute interval after send and not after now (0.053666ms)
✔ email observation rejects future, malformed, missing-id, nonce, and over-15-minute evidence (0.119833ms)
✔ email observation keeps exact timestamps strictly between send and now (0.087083ms)
✔ telegram adapter sends once and bounded-polls [1,0] (0.570958ms)
✔ telegram adapter fails closed on reply timeout without a duplicate send (0.214792ms)
✔ telegram adapter fails closed when MTProto rejects the one send (0.1605ms)
✔ email adapter sends exactly once and accepts only exact nonce receipt (0.231875ms)
✔ email adapter derives recipient from GOG_ACCOUNT and rejects outside fixed allowlist before send (0.073875ms)
✔ email adapter rejects send rejection, nonce mismatch, timeout, and stale receipt without duplicate sends (0.175042ms)
✔ collector failures never contain raw provider errors or PII (0.069708ms)
✔ test-support Telegram mirror requires fake exec before any sidecar invocation (0.299ms)
✔ test-support email mirror uses acceptance and exact receipt without caller success booleans (0.098834ms)
✔ closed production wiring uses only preinstalled fakes and sends each transport once (2.720042ms)
✔ public CLI rejects caller supplied --proofs (0.800959ms)
✔ production main has no collector or transport injection parameters (0.197708ms)
✔ read-only production main invokes zero caller or controlled sends (33.777708ms)
✔ test-only controlled runner invokes each collector exactly once (0.338625ms)
✔ production entrypoint cannot import or activate test-only collector DI (0.132458ms)
✔ production controlled collectors expose no factory or transport injection surface (0.441375ms)
✔ production receipt bounds come only from the gog parser (0.1715ms)
✔ controlled CLI prerequisite errors exit nonzero with sanitized output (78.320916ms)
✔ CLI exit wrapper maps completion and sanitized pre-report failure (0.237958ms)
✔ controlled L3 is collected by the runner and bound into the generated report (0.4205ms)
▶ controlled collectors fail closed for missing, malformed, and stale results
  ✔ missing (0.791708ms)
  ✔ malformed (0.205666ms)
  ✔ stale (0.230083ms)
✔ controlled collectors fail closed for missing, malformed, and stale results (2.469541ms)
▶ email collector requires every same-run acceptance and receipt field
  ✔ attempted (0.20525ms)
  ✔ providerAccepted (0.085292ms)
  ✔ inboxReceived (0.194041ms)
  ✔ recipientOwned (0.141375ms)
  ✔ providerRef (0.139708ms)
  ✔ messageIdRef (0.103125ms)
✔ email collector requires every same-run acceptance and receipt field (1.286542ms)
▶ telegram bounded polling must observe the real webhook backlog drain to exactly zero
  ✔ pending (0.403208ms)
  ✔ missing (0.076667ms)
✔ telegram bounded polling must observe the real webhook backlog drain to exactly zero (0.785375ms)
✔ telegram collector performs round trip then bounded-polls getWebhookInfo (0.402042ms)
✔ final evidence schema replaces unknown strings, URLs, PII, errors, and nested raw text (0.714583ms)
✔ findReceipt uses message search, exact nonce content, and returns only safe receipt metadata (3.358209ms)
✔ findReceipt accepts a minute-precision bucket containing afterMs (0.203417ms)
✔ findReceipt accepts the next minute when its bucket is not wholly before afterMs (0.086917ms)
✔ findReceipt rejects the previous minute and intervals wholly before afterMs (0.138125ms)
✔ findReceipt keeps second/timezone timestamps strictly ordered and unknown dates closed (0.113416ms)
✔ findReceipt rejects an impossible exact calendar date instead of normalizing it (0.066375ms)
✔ findReceipt fails closed for nonce mismatch and stale messages (0.122708ms)
✔ existing gog transport send and inbox paths retain their contracts (0.153542ms)
✔ default gog runner uses execFile argv with the fixed account (0.139792ms)
ℹ tests 51
ℹ suites 0
ℹ pass 51
ℹ fail 0
ℹ cancelled 0
ℹ skipped 0
ℹ todo 0
ℹ duration_ms 344.989458
