✔ telegram observation rejects missing/rejected round trip, timeout, URL/update/error/backlog (2.292042ms)
✔ email observation rejects ownership, send, timeout, nonce mismatch, and stale receipt (0.219416ms)
✔ email observation accepts a same-minute interval containing the send instant (0.154041ms)
✔ email observation accepts a later minute interval after send and not after now (0.055083ms)
✔ email observation rejects future, malformed, missing-id, nonce, and over-15-minute evidence (0.117917ms)
✔ email observation keeps exact timestamps strictly between send and now (0.097ms)
✔ telegram adapter sends once and bounded-polls [1,0] (0.545042ms)
✔ telegram adapter fails closed on reply timeout without a duplicate send (0.150417ms)
✔ telegram adapter fails closed when MTProto rejects the one send (0.16025ms)
✔ email adapter sends exactly once and accepts only exact nonce receipt (0.220917ms)
✔ email adapter derives recipient from GOG_ACCOUNT and rejects outside fixed allowlist before send (0.099375ms)
✔ email adapter rejects send rejection, nonce mismatch, timeout, and stale receipt without duplicate sends (0.245375ms)
✔ collector failures never contain raw provider errors or PII (0.09875ms)
✔ test-support Telegram mirror requires fake exec before any sidecar invocation (0.334125ms)
✔ test-support email mirror uses acceptance and exact receipt without caller success booleans (0.111083ms)
✔ closed production wiring uses only preinstalled fakes and sends each transport once (3.31925ms)
✔ public CLI rejects caller supplied --proofs (0.847166ms)
✔ production main has no collector or transport injection parameters (0.2115ms)
✔ read-only production main invokes zero caller or controlled sends (1.911292ms)
✔ test-only controlled runner invokes each collector exactly once (0.861458ms)
✔ production entrypoint cannot import or activate test-only collector DI (0.143375ms)
✔ production controlled collectors expose no factory or transport injection surface (0.415667ms)
✔ production receipt bounds come only from the gog parser (0.154167ms)
✔ controlled CLI prerequisite errors exit nonzero with sanitized output (58.352875ms)
✔ CLI exit wrapper maps completion and sanitized pre-report failure (0.180583ms)
✔ controlled L3 is collected by the runner and bound into the generated report (0.287875ms)
▶ controlled collectors fail closed for missing, malformed, and stale results
  ✔ missing (0.138125ms)
  ✔ malformed (0.057458ms)
  ✔ stale (0.047ms)
✔ controlled collectors fail closed for missing, malformed, and stale results (0.424083ms)
▶ email collector requires every same-run acceptance and receipt field
  ✔ attempted (0.1165ms)
  ✔ providerAccepted (0.045459ms)
  ✔ inboxReceived (0.034459ms)
  ✔ recipientOwned (0.040209ms)
  ✔ providerRef (0.045292ms)
  ✔ messageIdRef (0.040083ms)
✔ email collector requires every same-run acceptance and receipt field (0.800708ms)
▶ telegram bounded polling must observe the real webhook backlog drain to exactly zero
  ✔ pending (0.077ms)
  ✔ missing (0.034542ms)
✔ telegram bounded polling must observe the real webhook backlog drain to exactly zero (0.216042ms)
✔ telegram collector performs round trip then bounded-polls getWebhookInfo (0.132041ms)
✔ final evidence schema replaces unknown strings, URLs, PII, errors, and nested raw text (0.452333ms)
✔ findReceipt uses message search, exact nonce content, and returns only safe receipt metadata (2.282666ms)
✔ findReceipt accepts a minute-precision bucket containing afterMs (0.21ms)
✔ findReceipt accepts the next minute when its bucket is not wholly before afterMs (0.095709ms)
✔ findReceipt rejects the previous minute and intervals wholly before afterMs (0.138625ms)
✔ findReceipt keeps second/timezone timestamps strictly ordered and unknown dates closed (0.120708ms)
✔ findReceipt rejects an impossible exact calendar date instead of normalizing it (0.0675ms)
✔ findReceipt fails closed for nonce mismatch and stale messages (0.09575ms)
✔ existing gog transport send and inbox paths retain their contracts (0.155625ms)
✔ default gog runner uses execFile argv with the fixed account (0.148042ms)
ℹ tests 51
ℹ suites 0
ℹ pass 51
ℹ fail 0
ℹ cancelled 0
ℹ skipped 0
ℹ todo 0
ℹ duration_ms 143.042459
