✔ schema positive: closed 9/9 current-run report is accepted (2.00075ms)
✔ schema positive: exact 900000 ms checkedAt lower boundary is accepted (0.124958ms)
✔ schema closed field: root unknown key (0.120125ms)
✔ schema closed field: wrong schema enum (0.069208ms)
✔ schema closed field: wrong version enum (0.081583ms)
✔ schema closed field: wrong runStatus enum (0.067875ms)
✔ schema closed field: invalid sourceSnapshotRef (0.054834ms)
✔ schema closed field: caller supplied runRef (0.056792ms)
✔ schema closed field: generatedAt after freshUntil (0.070875ms)
✔ schema closed field: fresh window over 15 minutes (0.102875ms)
✔ schema closed field: required count not 9 (0.076833ms)
✔ schema closed field: passed count not 9 (0.062417ms)
✔ schema closed field: failed count not 0 (0.474667ms)
✔ schema closed field: dependency unknown key (0.10575ms)
✔ schema closed field: dependency status not pass (0.068333ms)
✔ schema closed field: dependency fresh not true (0.054916ms)
✔ schema closed field: invalid evidenceRef (0.052333ms)
✔ schema closed field: effects unknown key (0.072625ms)
✔ schema closed field: telegram send count not 1 (0.067625ms)
✔ schema closed field: email send count not 1 (0.081583ms)
✔ schema closed field: phone call count not 0 (0.07225ms)
✔ schema closed field: reply reads outside 1..6 (0.064208ms)
✔ schema closed field: webhook reads outside 1..3 (0.063458ms)
✔ schema closed field: inbox reads outside 1..6 (0.062709ms)
✔ schema closed field: correlation boolean false (0.062083ms)
✔ schema closed field: recipient ownership false (0.062541ms)
✔ checkedAt: one millisecond stale is rejected (0.0505ms)
✔ checkedAt: one millisecond future is rejected (0.0475ms)
✔ checkedAt: malformed strict timestamp is rejected (0.043916ms)
✔ checkedAt: non-finite internal millisecond is rejected (0.04725ms)
✔ checkedAt: before current run start is rejected (0.04875ms)
✔ checkedAt: mixed-run observation is rejected (0.048458ms)
✔ checkedAt: fresh true without time proof is rejected (0.050375ms)
✔ checkedAt: non-round-trip UTC timestamp is rejected (0.046625ms)
✔ dependency set: duplicate dependency is rejected (0.062875ms)
✔ dependency set: missing dependency is rejected (0.053041ms)
✔ dependency set: extra dependency is rejected (0.051958ms)
✔ failure channel: failure diagnostics cannot enter a successful artifact (0.049041ms)
✔ security: raw run correlation is never serialized (0.046625ms)
✔ security: runRef must hash current correlation (0.044041ms)
✔ security: provider response is forbidden (0.055083ms)
✔ security: provider ID is forbidden (0.047416ms)
✔ security: address is forbidden (0.044ms)
✔ security: arbitrary nested string is forbidden (0.061708ms)
✔ security: previous-run observation is rejected despite fresh true (0.054083ms)
ℹ tests 45
ℹ suites 0
ℹ pass 45
ℹ fail 0
ℹ cancelled 0
ℹ skipped 0
ℹ todo 0
ℹ duration_ms 83.796041
