✔ public CLI rejects caller supplied --proofs (0.84875ms)
✔ production main has no collector or transport injection parameters (0.212417ms)
✔ read-only production main invokes zero caller or controlled sends (7.786083ms)
✔ test-only controlled runner invokes each collector exactly once (0.281042ms)
✔ production entrypoint cannot import or activate test-only collector DI (0.115917ms)
✔ production controlled collectors expose no factory or transport injection surface (0.431708ms)
✔ production receipt bounds come only from the gog parser (0.169083ms)
✔ controlled CLI prerequisite errors exit nonzero with sanitized output (56.3815ms)
✔ CLI exit wrapper maps completion and sanitized pre-report failure (0.198209ms)
✔ controlled L3 is collected by the runner and bound into the generated report (0.298417ms)
▶ controlled collectors fail closed for missing, malformed, and stale results
  ✔ missing (0.154125ms)
  ✔ malformed (0.055ms)
  ✔ stale (0.433125ms)
✔ controlled collectors fail closed for missing, malformed, and stale results (0.838875ms)
▶ email collector requires every same-run acceptance and receipt field
  ✔ attempted (0.088041ms)
  ✔ providerAccepted (0.039833ms)
  ✔ inboxReceived (0.033292ms)
  ✔ recipientOwned (0.036166ms)
  ✔ providerRef (0.046375ms)
  ✔ messageIdRef (0.0415ms)
✔ email collector requires every same-run acceptance and receipt field (0.422667ms)
▶ telegram bounded polling must observe the real webhook backlog drain to exactly zero
  ✔ pending (0.075959ms)
  ✔ missing (0.038875ms)
✔ telegram bounded polling must observe the real webhook backlog drain to exactly zero (0.219792ms)
✔ telegram collector performs round trip then bounded-polls getWebhookInfo (0.128958ms)
✔ final evidence schema replaces unknown strings, URLs, PII, errors, and nested raw text (0.457958ms)
✔ purity: production report API accepts no caller proof or correlation object (0.713875ms)
✔ purity: production collectors retain zero injected transport surface (0.075791ms)
✔ purity: runRef is derived from current internal correlation (0.074958ms)
✔ purity: raw run correlation is excluded from serialization (0.093292ms)
✔ purity: successful report uses temp-file fsync rename atomic publication (0.061ms)
✔ purity: failed publication removes temporary output and leaves no final artifact (0.051875ms)
ℹ tests 32
ℹ suites 0
ℹ pass 32
ℹ fail 0
ℹ cancelled 0
ℹ skipped 0
ℹ todo 0
ℹ duration_ms 144.906125
