✔ public CLI rejects caller supplied --proofs (0.844417ms)
✔ production main has no collector or transport injection parameters (0.202791ms)
✔ read-only production main invokes zero caller or controlled sends (2.010417ms)
✔ test-only controlled runner invokes each collector exactly once (0.859291ms)
✔ production entrypoint cannot import or activate test-only collector DI (0.13775ms)
✔ production controlled collectors expose no factory or transport injection surface (0.41425ms)
✔ production receipt bounds come only from the gog parser (0.152125ms)
✔ controlled CLI prerequisite errors exit nonzero with sanitized output (51.860125ms)
✔ CLI exit wrapper maps completion and sanitized pre-report failure (0.179208ms)
✔ controlled L3 is collected by the runner and bound into the generated report (0.295334ms)
▶ controlled collectors fail closed for missing, malformed, and stale results
  ✔ missing (0.131625ms)
  ✔ malformed (0.05225ms)
  ✔ stale (0.040791ms)
✔ controlled collectors fail closed for missing, malformed, and stale results (0.400708ms)
▶ email collector requires every same-run acceptance and receipt field
  ✔ attempted (0.087375ms)
  ✔ providerAccepted (0.038917ms)
  ✔ inboxReceived (0.03075ms)
  ✔ recipientOwned (0.036292ms)
  ✔ providerRef (0.044417ms)
  ✔ messageIdRef (0.040041ms)
✔ email collector requires every same-run acceptance and receipt field (0.416125ms)
▶ telegram bounded polling must observe the real webhook backlog drain to exactly zero
  ✔ pending (0.07925ms)
  ✔ missing (0.030833ms)
✔ telegram bounded polling must observe the real webhook backlog drain to exactly zero (0.206375ms)
✔ telegram collector performs round trip then bounded-polls getWebhookInfo (0.115667ms)
✔ final evidence schema replaces unknown strings, URLs, PII, errors, and nested raw text (0.464375ms)
✔ purity: production report API accepts no caller proof or correlation object (0.652875ms)
✔ purity: production collectors retain zero injected transport surface (0.07075ms)
✔ purity: runRef is derived from current internal correlation (0.068375ms)
✔ purity: raw run correlation is excluded from serialization (0.087792ms)
✔ purity: successful report uses temp-file fsync rename atomic publication (0.055208ms)
✔ purity: failed publication removes temporary output and leaves no final artifact (0.049417ms)
ℹ tests 32
ℹ suites 0
ℹ pass 32
ℹ fail 0
ℹ cancelled 0
ℹ skipped 0
ℹ todo 0
ℹ duration_ms 127.827166
