✔ email observation accepts a same-minute interval containing the send instant (1.823334ms)
✔ email observation accepts a later minute interval after send and not after now (0.069583ms)
✔ email observation rejects future, malformed, missing-id, nonce, and over-15-minute evidence (0.142875ms)
✔ email observation keeps exact timestamps strictly between send and now (0.087333ms)
✔ checkedAt: one millisecond stale is rejected (2.825875ms)
✔ checkedAt: one millisecond future is rejected (0.143666ms)
✔ checkedAt: malformed strict timestamp is rejected (0.092333ms)
✔ checkedAt: non-finite internal millisecond is rejected (0.091167ms)
✔ checkedAt: before current run start is rejected (0.115959ms)
✔ checkedAt: mixed-run observation is rejected (0.067833ms)
✔ checkedAt: fresh true without time proof is rejected (0.062084ms)
✔ checkedAt: non-round-trip UTC timestamp is rejected (0.067167ms)
✔ findReceipt accepts a minute-precision bucket containing afterMs (2.38025ms)
✔ findReceipt accepts the next minute when its bucket is not wholly before afterMs (0.1545ms)
✔ findReceipt rejects the previous minute and intervals wholly before afterMs (0.156209ms)
✔ findReceipt keeps second/timezone timestamps strictly ordered and unknown dates closed (0.171833ms)
✔ findReceipt rejects an impossible exact calendar date instead of normalizing it (0.072666ms)
✔ findReceipt fails closed for nonce mismatch and stale messages (0.08975ms)
ℹ tests 18
ℹ suites 0
ℹ pass 18
ℹ fail 0
ℹ cancelled 0
ℹ skipped 0
ℹ todo 0
ℹ duration_ms 115.169375
