✔ verify-phase2-process.mjs: accepts one valid explicit input (50.765625ms)
✔ verify-phase2-process.mjs: rejects missing or malformed argv (47.1985ms)
✔ verify-phase2-process.mjs: rejects stale or wrong-snapshot input (46.766292ms)
✔ verify-final-artifact.mjs: accepts one valid explicit input (46.809084ms)
✔ verify-final-artifact.mjs: rejects missing or malformed argv (46.463625ms)
✔ verify-final-artifact.mjs: rejects stale or wrong-snapshot input (47.239583ms)
✔ verify-safe-scan.mjs: accepts one valid explicit input (47.740542ms)
✔ verify-safe-scan.mjs: rejects missing or malformed argv (46.9455ms)
✔ verify-safe-scan.mjs: rejects stale or wrong-snapshot input (47.985417ms)
✔ verify-controlled-l3-gates.mjs: accepts one valid explicit input (50.660209ms)
✔ verify-controlled-l3-gates.mjs: rejects missing or malformed argv (46.996208ms)
✔ verify-controlled-l3-gates.mjs: rejects stale or wrong-snapshot input (47.524958ms)
ℹ tests 12
ℹ suites 0
ℹ pass 12
ℹ fail 0
ℹ cancelled 0
ℹ skipped 0
ℹ todo 0
ℹ duration_ms 638.541833
